=== Wheel of Names Offline launch 20251117-010336 ===
[2025-11-17 01:03:36] [INFO] Initializing launcher (host=wheelofnames.local, node port=8080).
[2025-11-17 01:03:36] [INFO] Node dependencies detected.
[2025-11-17 01:03:36] [INFO] Using Caddy binary: C:\Users\User\Documents\GitHub\Wheel-of-Name---Offline\caddy.exe
[2025-11-17 01:03:37] [WARN] Hosts file is missing wheelofnames.local. Run this script as Administrator or add '127.0.0.1 wheelofnames.local' manually.
[2025-11-17 01:03:37] [ERROR] Node preview server (port 8080) is already in use.
[2025-11-17 01:03:38] [INFO] Node preview server is available on port 8080.
[2025-11-17 01:03:38] [INFO] HTTP port for Caddy is available on port 80.
[2025-11-17 01:03:38] [INFO] HTTPS port for Caddy is available on port 443.
[2025-11-17 01:03:38] [INFO] Starting Node server (log file: C:\Users\User\Documents\GitHub\Wheel-of-Name---Offline\logs\node-server-20251117-010336.log).
[2025-11-17 01:03:39] [ERROR] Failed to launch Node server: 
[2025-11-17 01:03:39] [ERROR] This command cannot be run because "RedirectStandardOutput" and "RedirectStandardError" are same. Give different inputs and Run your command again.
[2025-11-17 01:03:39] [ERROR] Node PID file was empty.
[2025-11-17 01:03:39] [INFO] Node server started (PID ).
[2025-11-17 01:03:40] [ERROR] C:\Users\User\Documents\GitHub\Wheel-of-Name---Offline\logs\node-server-20251117-010336.log (PID Node server) exited unexpectedly. Check  for details.
[2025-11-17 01:03:40] [INFO] Starting Caddy reverse proxy (log file: C:\Users\User\Documents\GitHub\Wheel-of-Name---Offline\logs\caddy-20251117-010336.log).
[2025-11-17 01:03:40] [ERROR] Failed to launch Caddy: 
[2025-11-17 01:03:41] [ERROR] This command cannot be run because "RedirectStandardOutput" and "RedirectStandardError" are same. Give different inputs and Run your command again.
[2025-11-17 01:03:41] [ERROR] Caddy PID file was empty.
[2025-11-17 01:03:41] [INFO] Caddy started (PID ).
[2025-11-17 01:03:41] [ERROR] C:\Users\User\Documents\GitHub\Wheel-of-Name---Offline\logs\caddy-20251117-010336.log (PID Caddy reverse proxy) exited unexpectedly. Check  for details.
[2025-11-17 01:03:41] [INFO] Waiting for Node server (port 8080) to accept connections...
[2025-11-17 01:03:42] [INFO] Node server is ready.
[2025-11-17 01:03:42] [INFO] Waiting for Caddy HTTPS endpoint (port 443) to accept connections...
